src/pages/StudentsPage.tsx(430,11): error TS17014: JSX fragment has no corresponding closing tag.
src/pages/StudentsPage.tsx(433,8): error TS17008: JSX element 'div' has no corresponding closing tag.
src/pages/StudentsPage.tsx(1022,23): error TS2657: JSX expressions must have one parent element.
src/pages/StudentsPage.tsx(1178,19): error TS17002: Expected corresponding JSX closing tag for 'div'.
src/pages/StudentsPage.tsx(1302,15): error TS1005: ')' expected.
src/pages/StudentsPage.tsx(1302,17): error TS17002: Expected corresponding JSX closing tag for 'div'.
src/pages/StudentsPage.tsx(1303,19): error TS17002: Expected corresponding JSX closing tag for 'TabsContent'.
src/pages/StudentsPage.tsx(1304,17): error TS17002: Expected corresponding JSX closing tag for 'form'.
src/pages/StudentsPage.tsx(1305,15): error TS17002: Expected corresponding JSX closing tag for 'Tabs'.
src/pages/StudentsPage.tsx(1306,13): error TS17002: Expected corresponding JSX closing tag for 'DialogContent'.
src/pages/StudentsPage.tsx(1307,11): error TS1003: Identifier expected.
src/pages/StudentsPage.tsx(1309,1): error TS1381: Unexpected token. Did you mean `{'}'}` or `&rbrace;`?
src/pages/StudentsPage.tsx(1310,1): error TS1005: '</' expected.
